../Drivers/oled/ssd1306.c:52:9:SSD1306_Init	16	static
../Drivers/oled/ssd1306.c:138:6:SSD1306_UpdateScreen	16	static
../Drivers/oled/ssd1306.c:151:6:SSD1306_ToggleInvert	16	static
../Drivers/oled/ssd1306.c:163:6:SSD1306_Fill	16	static
../Drivers/oled/ssd1306.c:168:6:SSD1306_DrawPixel	16	static
../Drivers/oled/ssd1306.c:190:6:SSD1306_GotoXY	16	static
../Drivers/oled/ssd1306.c:196:6:SSD1306_Putc	32	static
../Drivers/oled/ssd1306.c:227:6:SSD1306_Puts	24	static
../Drivers/oled/ssd1306.c:245:6:SSD1306_DrawLine	40	static
../Drivers/oled/ssd1306.c:329:6:SSD1306_DrawRectangle	32	static
../Drivers/oled/ssd1306.c:354:6:SSD1306_DrawFilledRectangle	40	static
../Drivers/oled/ssd1306.c:381:6:SSD1306_DrawTriangle	32	static
../Drivers/oled/ssd1306.c:389:6:SSD1306_DrawFilledTriangle	64	static
../Drivers/oled/ssd1306.c:445:6:SSD1306_DrawCircle	40	static
../Drivers/oled/ssd1306.c:479:6:SSD1306_DrawFilledCircle	48	static
../Drivers/oled/ssd1306.c:511:6:SSD1306_ScrollRight	16	static
../Drivers/oled/ssd1306.c:524:6:SSD1306_ScrollLeft	16	static
../Drivers/oled/ssd1306.c:537:6:SSD1306_Scrolldiagright	16	static
../Drivers/oled/ssd1306.c:553:6:SSD1306_Scrolldiagleft	16	static
../Drivers/oled/ssd1306.c:569:6:SSD1306_Stopscroll	8	static
../Drivers/oled/ssd1306.c:576:6:SSD1306_InvertDisplay	16	static
../Drivers/oled/ssd1306.c:585:6:SSD1306_DrawBitmap	32	static
../Drivers/oled/ssd1306.c:608:6:SSD1306_Clear	8	static
../Drivers/oled/ssd1306.c:613:6:SSD1306_ON	8	static
../Drivers/oled/ssd1306.c:618:6:SSD1306_OFF	8	static
../Drivers/oled/ssd1306.c:634:6:ssd1306_I2C_Init	16	static
../Drivers/oled/ssd1306.c:646:6:ssd1306_I2C_WriteMulti	296	static
../Drivers/oled/ssd1306.c:656:6:ssd1306_I2C_Write	32	static
