../Core/Src/main.c:104:6:atualizarDisplayMPU6050	8	static
../Core/Src/main.c:137:6:atualizarDisplayBMP280	24	static
../Core/Src/main.c:223:6:openDrip	16	static
../Core/Src/main.c:263:6:capacity	16	static
../Core/Src/main.c:321:5:main	56	static
../Core/Src/main.c:405:6:SystemClock_Config	88	static
../Core/Src/main.c:453:13:MX_I2C1_Init	8	static
../Core/Src/main.c:487:13:MX_TIM1_Init	80	static
../Core/Src/main.c:552:13:MX_TIM3_Init	64	static
../Core/Src/main.c:611:13:MX_TIM14_Init	24	static
../Core/Src/main.c:656:13:MX_USART2_UART_Init	8	static
../Core/Src/main.c:689:13:MX_GPIO_Init	48	static
../Core/Src/main.c:729:6:HCSR04_Read	8	static
../Core/Src/main.c:739:6:HAL_TIM_IC_CaptureCallback	16	static
../Core/Src/main.c:777:6:HAL_GPIO_EXTI_Callback	16	static
../Core/Src/main.c:796:6:Error_Handler	4	static,ignoring_inline_asm
